
> test
> vitest --run j5-rls-audit.test.ts


[1m[30m[46m RUN [49m[39m[22m [36mv4.1.4 [39m[90mC:/Users/hp/Desktop/Work/Assignment/aidSprint-app/admin-aidSprint-app[39m

 [31mΓ¥»[39m src/lib/supabase/j5-rls-audit.test.ts [2m([22m[2m17 tests[22m[2m | [22m[31m1 failed[39m[2m)[22m[32m 222[2mms[22m[39m
       [32mΓ£ô[39m blocks all operations when no active session[32m 170[2mms[22m[39m
       [32mΓ£ô[39m blocks non-admins from contractor reads[32m 4[2mms[22m[39m
       [32mΓ£ô[39m blocks non-admins from job reads[32m 4[2mms[22m[39m
       [32mΓ£ô[39m blocks non-admins from dispute reads[32m 3[2mms[22m[39m
       [32mΓ£ô[39m allows admins to read contractors[32m 2[2mms[22m[39m
       [32mΓ£ô[39m allows admins to read jobs[32m 2[2mms[22m[39m
       [32mΓ£ô[39m allows admins to read disputes[32m 2[2mms[22m[39m
       [32mΓ£ô[39m allows admins to read support tickets[32m 2[2mms[22m[39m
       [32mΓ£ô[39m rejects contractor mutation when actor_id mismatches session[32m 3[2mms[22m[39m
       [32mΓ£ô[39m rejects job mutation when actor_id mismatches session[32m 2[2mms[22m[39m
       [32mΓ£ô[39m rejects dispute mutation when actor_id mismatches session[32m 2[2mms[22m[39m
       [32mΓ£ô[39m rejects support mutation when actor_id mismatches session[32m 2[2mms[22m[39m
       [32mΓ£ô[39m maps RLS violation (42501) to authorization message[32m 1[2mms[22m[39m
       [32mΓ£ô[39m preserves non-RLS errors (e.g., duplicate key)[32m 1[2mms[22m[39m
       [32mΓ£ô[39m session isolation prevents cross-admin access[32m 2[2mms[22m[39m
[31m       [31m├ù[31m admin can read audit logs[39m[32m 12[2mms[22m[39m
       [32mΓ£ô[39m non-admin cannot read audit logs[32m 4[2mms[22m[39m
node.exe : 
At line:1 char:1
+ & "C:\Program Files\nodejs/node.exe" "C:\Program Files\nodejs/node_mo ...
+ ~~~~~~~~~~~~~~~~~~~~~~~~~~~~~~~~~~~~~~~~~~~~~~~~~~~~~~~~~~~~~~~~~~~~~
    + CategoryInfo          : NotSpecified: (:String) [], RemoteException
    + FullyQualifiedErrorId : NativeCommandError
 
[31mΓÄ»ΓÄ»ΓÄ»ΓÄ»ΓÄ»ΓÄ»ΓÄ»[39m[1m[41m Failed Tests 1 
[49m[22m[31mΓÄ»ΓÄ»ΓÄ»ΓÄ»ΓÄ»ΓÄ»ΓÄ»[39m

[41m[1m FAIL [22m[49m src/lib/supabase/j5-rls-audit.test.ts[2m > [22mJ5 
- RLS Comprehensive Audit[2m > [22mRead-Only Permission Enforcement[2m > 
[22madmin can read audit logs
[31m[1mTypeError[22m: query.range is not a function[39m
[36m [2mΓ¥»[22m Object.listActions 
src/lib/supabase/data.ts:[2m3506:19[22m[39m
    [90m3504|[39m     const limit = params?.limit || 100;
    [90m3505|[39m     const offset = params?.offset || 0;
    [90m3506|[39m     query = query.range(offset, offset + limit - 1);
    [90m   |[39m                   [31m^[39m
    [90m3507|[39m
    [90m3508|[39m     const { data, error } = await query;
[90m [2mΓ¥»[22m src/lib/supabase/j5-rls-audit.test.ts:[2m354:22[22m[39m

[31m[2mΓÄ»ΓÄ»ΓÄ»ΓÄ»ΓÄ»ΓÄ»ΓÄ»ΓÄ»ΓÄ»ΓÄ»ΓÄ»ΓÄ»ΓÄ»ΓÄ»ΓÄ»ΓÄ»ΓÄ»ΓÄ»ΓÄ»ΓÄ»ΓÄ»ΓÄ»ΓÄ»Γ
Ä»[1/1]ΓÄ»[22m[39m


[2m Test Files [22m [1m[31m1 failed[39m[22m[90m (1)[39m
[2m      Tests [22m [1m[31m1 failed[39m[22m[2m | [22m[1m[32m16 passed[39m[22m[90m (17)[39m
[2m   Start at [22m 14:15:11
[2m   Duration [22m 3.18s[2m (transform 234ms, setup 0ms, import 131ms, tests 222ms, environment 2.35s)[22m

